// Vitest Snapshot v1, https://vitest.dev/guide/snapshot.html

exports[`JSON schema compiler > compileSchemaToJs > compileSchemaToJs compiles schema to JS code 1`] = `
"/* c8 ignore start */
\\"use strict\\";export const validate = validate10;export default validate10;const schema11 = {\\"$schema\\":\\"http://json-schema.org/draft-07/schema\\",\\"type\\":\\"object\\",\\"properties\\":{\\"pspReference\\":{\\"type\\":\\"string\\"},\\"data\\":{\\"type\\":\\"object\\",\\"additionalProperties\\":true,\\"properties\\":{}},\\"result\\":{\\"type\\":\\"string\\",\\"enum\\":[\\"CHARGE_SUCCESS\\",\\"CHARGE_FAILURE\\",\\"CHARGE_REQUEST\\",\\"AUTHORIZATION_SUCCESS\\",\\"AUTHORIZATION_FAILURE\\",\\"AUTHORIZATION_REQUEST\\"]},\\"amount\\":{\\"type\\":\\"number\\",\\"minimum\\":0},\\"time\\":{\\"type\\":\\"string\\",\\"format\\":\\"date-time\\"},\\"externalUrl\\":{\\"type\\":\\"string\\"},\\"message\\":{\\"type\\":\\"string\\"}},\\"required\\":[\\"pspReference\\",\\"data\\",\\"result\\",\\"amount\\",\\"time\\",\\"externalUrl\\",\\"message\\"]};const formats0 = require(\\"ajv-formats/dist/formats\\").fullFormats[\\"date-time\\"];function validate10(data, {instancePath=\\"\\", parentData, parentDataProperty, rootData=data}={}){let vErrors = null;let errors = 0;if(errors === 0){if(data && typeof data == \\"object\\" && !Array.isArray(data)){let missing0;if((((((((data.pspReference === undefined) && (missing0 = \\"pspReference\\")) || ((data.data === undefined) && (missing0 = \\"data\\"))) || ((data.result === undefined) && (missing0 = \\"result\\"))) || ((data.amount === undefined) && (missing0 = \\"amount\\"))) || ((data.time === undefined) && (missing0 = \\"time\\"))) || ((data.externalUrl === undefined) && (missing0 = \\"externalUrl\\"))) || ((data.message === undefined) && (missing0 = \\"message\\"))){validate10.errors = [{instancePath,schemaPath:\\"#/required\\",keyword:\\"required\\",params:{missingProperty: missing0},message:\\"must have required property '\\"+missing0+\\"'\\"}];return false;}else {if(data.pspReference !== undefined){const _errs1 = errors;if(typeof data.pspReference !== \\"string\\"){validate10.errors = [{instancePath:instancePath+\\"/pspReference\\",schemaPath:\\"#/properties/pspReference/type\\",keyword:\\"type\\",params:{type: \\"string\\"},message:\\"must be string\\"}];return false;}var valid0 = _errs1 === errors;}else {var valid0 = true;}if(valid0){if(data.data !== undefined){let data1 = data.data;const _errs3 = errors;if(errors === _errs3){if(data1 && typeof data1 == \\"object\\" && !Array.isArray(data1)){}else {validate10.errors = [{instancePath:instancePath+\\"/data\\",schemaPath:\\"#/properties/data/type\\",keyword:\\"type\\",params:{type: \\"object\\"},message:\\"must be object\\"}];return false;}}var valid0 = _errs3 === errors;}else {var valid0 = true;}if(valid0){if(data.result !== undefined){let data2 = data.result;const _errs6 = errors;if(typeof data2 !== \\"string\\"){validate10.errors = [{instancePath:instancePath+\\"/result\\",schemaPath:\\"#/properties/result/type\\",keyword:\\"type\\",params:{type: \\"string\\"},message:\\"must be string\\"}];return false;}if(!((((((data2 === \\"CHARGE_SUCCESS\\") || (data2 === \\"CHARGE_FAILURE\\")) || (data2 === \\"CHARGE_REQUEST\\")) || (data2 === \\"AUTHORIZATION_SUCCESS\\")) || (data2 === \\"AUTHORIZATION_FAILURE\\")) || (data2 === \\"AUTHORIZATION_REQUEST\\"))){validate10.errors = [{instancePath:instancePath+\\"/result\\",schemaPath:\\"#/properties/result/enum\\",keyword:\\"enum\\",params:{allowedValues: schema11.properties.result.enum},message:\\"must be equal to one of the allowed values\\"}];return false;}var valid0 = _errs6 === errors;}else {var valid0 = true;}if(valid0){if(data.amount !== undefined){let data3 = data.amount;const _errs8 = errors;if(errors === _errs8){if((typeof data3 == \\"number\\") && (isFinite(data3))){if(data3 < 0 || isNaN(data3)){validate10.errors = [{instancePath:instancePath+\\"/amount\\",schemaPath:\\"#/properties/amount/minimum\\",keyword:\\"minimum\\",params:{comparison: \\">=\\", limit: 0},message:\\"must be >= 0\\"}];return false;}}else {validate10.errors = [{instancePath:instancePath+\\"/amount\\",schemaPath:\\"#/properties/amount/type\\",keyword:\\"type\\",params:{type: \\"number\\"},message:\\"must be number\\"}];return false;}}var valid0 = _errs8 === errors;}else {var valid0 = true;}if(valid0){if(data.time !== undefined){let data4 = data.time;const _errs10 = errors;if(errors === _errs10){if(errors === _errs10){if(typeof data4 === \\"string\\"){if(!(formats0.validate(data4))){validate10.errors = [{instancePath:instancePath+\\"/time\\",schemaPath:\\"#/properties/time/format\\",keyword:\\"format\\",params:{format: \\"date-time\\"},message:\\"must match format \\\\\\"\\"+\\"date-time\\"+\\"\\\\\\"\\"}];return false;}}else {validate10.errors = [{instancePath:instancePath+\\"/time\\",schemaPath:\\"#/properties/time/type\\",keyword:\\"type\\",params:{type: \\"string\\"},message:\\"must be string\\"}];return false;}}}var valid0 = _errs10 === errors;}else {var valid0 = true;}if(valid0){if(data.externalUrl !== undefined){const _errs12 = errors;if(typeof data.externalUrl !== \\"string\\"){validate10.errors = [{instancePath:instancePath+\\"/externalUrl\\",schemaPath:\\"#/properties/externalUrl/type\\",keyword:\\"type\\",params:{type: \\"string\\"},message:\\"must be string\\"}];return false;}var valid0 = _errs12 === errors;}else {var valid0 = true;}if(valid0){if(data.message !== undefined){const _errs14 = errors;if(typeof data.message !== \\"string\\"){validate10.errors = [{instancePath:instancePath+\\"/message\\",schemaPath:\\"#/properties/message/type\\",keyword:\\"type\\",params:{type: \\"string\\"},message:\\"must be string\\"}];return false;}var valid0 = _errs14 === errors;}else {var valid0 = true;}}}}}}}}}else {validate10.errors = [{instancePath,schemaPath:\\"#/type\\",keyword:\\"type\\",params:{type: \\"object\\"},message:\\"must be object\\"}];return false;}}validate10.errors = vErrors;return errors === 0;}"
`;
