// Vitest Snapshot v1, https://vitest.dev/guide/snapshot.html

exports[`TransactionInitializeSessionWebhookHandler > %p https://api.playground.klarna.com/ > 'Checkout' > should work 1`] = `
{
  "klarnaSessionResponse": {
    "client_token": "eyJhbGciOiJSUzI1NiIsImtpZCI6IjgyMzA1ZWJjLWI4MTEtMzYzNy1hYTRjLTY2ZWNhMTg3NGYzZCJ9.eyJzZXNzaW9uX2lkIjoiOGViOGUyNmUtMDFhNy01NmVlLWI4NDctM2FkZDI0MzM0NWY5IiwiYmFzZV91cmwiOiJodHRwczovL2pzLnBsYXlncm91bmQua2xhcm5hLmNvbS9ldS9rcCIsImRlc2lnbiI6ImtsYXJuYSIsImxhbmd1YWdlIjoiZW4iLCJwdXJjaGFzZV9jb3VudHJ5IjoiU0UiLCJlbnZpcm9ubWVudCI6InBsYXlncm91bmQiLCJtZXJjaGFudF9uYW1lIjoiWW91ciBidXNpbmVzcyBuYW1lIiwic2Vzc2lvbl90eXBlIjoiUEFZTUVOVFMiLCJjbGllbnRfZXZlbnRfYmFzZV91cmwiOiJodHRwczovL2V1LnBsYXlncm91bmQua2xhcm5hZXZ0LmNvbSIsInNjaGVtZSI6dHJ1ZSwiZXhwZXJpbWVudHMiOlt7Im5hbWUiOiJrcC1jbGllbnQtb25lLXB1cmNoYXNlLWZsb3ciLCJ2YXJpYXRlIjoidmFyaWF0ZS0xIn0seyJuYW1lIjoia3BjLTFrLXNlcnZpY2UiLCJ2YXJpYXRlIjoidmFyaWF0ZS0xIn0seyJuYW1lIjoia3AtY2xpZW50LXV0b3BpYS1mbG93IiwidmFyaWF0ZSI6InZhcmlhdGUtMSJ9LHsibmFtZSI6ImtwYy1QU0VMLTMwOTkiLCJ2YXJpYXRlIjoidmFyaWF0ZS0xIn0seyJuYW1lIjoia3AtY2xpZW50LXV0b3BpYS1zdGF0aWMtd2lkZ2V0IiwidmFyaWF0ZSI6ImluZGV4IiwicGFyYW1ldGVycyI6eyJkeW5hbWljIjoidHJ1ZSJ9fSx7Im5hbWUiOiJpbi1hcHAtc2RrLW5ldy1pbnRlcm5hbC1icm93c2VyIiwicGFyYW1ldGVycyI6eyJ2YXJpYXRlX2lkIjoibmV3LWludGVybmFsLWJyb3dzZXItZW5hYmxlIn19LHsibmFtZSI6ImtwLWNsaWVudC11dG9waWEtc2RrLWZsb3ciLCJ2YXJpYXRlIjoidmFyaWF0ZS0xIn0seyJuYW1lIjoia3AtY2xpZW50LXV0b3BpYS13ZWJ2aWV3LWZsb3ciLCJ2YXJpYXRlIjoidmFyaWF0ZS0xIn0seyJuYW1lIjoiaW4tYXBwLXNkay1jYXJkLXNjYW5uaW5nIiwicGFyYW1ldGVycyI6eyJ2YXJpYXRlX2lkIjoiY2FyZC1zY2FubmluZy1lbmFibGUifX1dLCJyZWdpb24iOiJldSIsIm9yZGVyX2Ftb3VudCI6MjIyOTksIm9mZmVyaW5nX29wdHMiOjIsIm9vIjoiZDIiLCJ2ZXJzaW9uIjoidjEuMTAuMC0xNTkwLWczZWJjMzkwNyJ9.VlOMSkDst-VQR7UFSOStK3MvLBPsNbgaLxVimuayj1b1wGrygbXaozyit48nld8VCzAvowD7Hz8WioOu5irT5PJhmpbopOT0sR0N4zaNlwrice8a2ZX42xEy72scepW1lGNPP3ssIZ1jjxncOjNgm3UTV38Yn4rxmoLJJWgxSxAaKxZNm1ExLjkfVd84Q2oblk3WZ5ma6merDrLLt6EjvkvFQ4ZYxHbns_WmuVxDNXtK0kBPFoTX2-zbl22al2Hl5vK8kvjKJm6-KdirGE68qnI2tlOtOaIyNZartGvXINpaju8NLFAQH_YTPjCbgZHYnXdnmkrtc_4y3WqPwqP4zw",
    "payment_method_categories": [
      {
        "asset_urls": {
          "descriptive": "https://x.klarnacdn.net/payment-method/assets/badges/generic/klarna.svg",
          "standard": "https://x.klarnacdn.net/payment-method/assets/badges/generic/klarna.svg",
        },
        "identifier": "pay_later",
        "name": "Buy now, pay later",
      },
      {
        "asset_urls": {
          "descriptive": "https://x.klarnacdn.net/payment-method/assets/badges/generic/klarna.svg",
          "standard": "https://x.klarnacdn.net/payment-method/assets/badges/generic/klarna.svg",
        },
        "identifier": "pay_over_time",
        "name": "Monthly financing",
      },
      {
        "asset_urls": {
          "descriptive": "https://x.klarnacdn.net/payment-method/assets/badges/generic/klarna.svg",
          "standard": "https://x.klarnacdn.net/payment-method/assets/badges/generic/klarna.svg",
        },
        "identifier": "pay_now",
        "name": "Pay now",
      },
    ],
    "session_id": "8eb8e26e-01a7-56ee-b847-3add243345f9",
  },
}
`;

exports[`TransactionInitializeSessionWebhookHandler > %p https://api.playground.klarna.com/ > 'Order' > should work 1`] = `
{
  "klarnaSessionResponse": {
    "client_token": "eyJhbGciOiJSUzI1NiIsImtpZCI6IjgyMzA1ZWJjLWI4MTEtMzYzNy1hYTRjLTY2ZWNhMTg3NGYzZCJ9.eyJzZXNzaW9uX2lkIjoiOTViNmMyNjEtOWExYS01OGQ3LWE3N2YtYzM5NDU0MjdjNTFiIiwiYmFzZV91cmwiOiJodHRwczovL2pzLnBsYXlncm91bmQua2xhcm5hLmNvbS9ldS9rcCIsImRlc2lnbiI6ImtsYXJuYSIsImxhbmd1YWdlIjoiZW4iLCJwdXJjaGFzZV9jb3VudHJ5IjoiU0UiLCJlbnZpcm9ubWVudCI6InBsYXlncm91bmQiLCJtZXJjaGFudF9uYW1lIjoiWW91ciBidXNpbmVzcyBuYW1lIiwic2Vzc2lvbl90eXBlIjoiUEFZTUVOVFMiLCJjbGllbnRfZXZlbnRfYmFzZV91cmwiOiJodHRwczovL2V1LnBsYXlncm91bmQua2xhcm5hZXZ0LmNvbSIsInNjaGVtZSI6dHJ1ZSwiZXhwZXJpbWVudHMiOlt7Im5hbWUiOiJrcC1jbGllbnQtb25lLXB1cmNoYXNlLWZsb3ciLCJ2YXJpYXRlIjoidmFyaWF0ZS0xIn0seyJuYW1lIjoia3BjLTFrLXNlcnZpY2UiLCJ2YXJpYXRlIjoidmFyaWF0ZS0xIn0seyJuYW1lIjoia3AtY2xpZW50LXV0b3BpYS1mbG93IiwidmFyaWF0ZSI6InZhcmlhdGUtMSJ9LHsibmFtZSI6ImtwYy1QU0VMLTMwOTkiLCJ2YXJpYXRlIjoidmFyaWF0ZS0xIn0seyJuYW1lIjoia3AtY2xpZW50LXV0b3BpYS1zdGF0aWMtd2lkZ2V0IiwidmFyaWF0ZSI6ImluZGV4IiwicGFyYW1ldGVycyI6eyJkeW5hbWljIjoidHJ1ZSJ9fSx7Im5hbWUiOiJpbi1hcHAtc2RrLW5ldy1pbnRlcm5hbC1icm93c2VyIiwicGFyYW1ldGVycyI6eyJ2YXJpYXRlX2lkIjoibmV3LWludGVybmFsLWJyb3dzZXItZW5hYmxlIn19LHsibmFtZSI6ImtwLWNsaWVudC11dG9waWEtc2RrLWZsb3ciLCJ2YXJpYXRlIjoidmFyaWF0ZS0xIn0seyJuYW1lIjoia3AtY2xpZW50LXV0b3BpYS13ZWJ2aWV3LWZsb3ciLCJ2YXJpYXRlIjoidmFyaWF0ZS0xIn0seyJuYW1lIjoiaW4tYXBwLXNkay1jYXJkLXNjYW5uaW5nIiwicGFyYW1ldGVycyI6eyJ2YXJpYXRlX2lkIjoiY2FyZC1zY2FubmluZy1lbmFibGUifX1dLCJyZWdpb24iOiJldSIsIm9yZGVyX2Ftb3VudCI6MjIyOTksIm9mZmVyaW5nX29wdHMiOjIsIm9vIjoiZDIiLCJ2ZXJzaW9uIjoidjEuMTAuMC0xNTkwLWczZWJjMzkwNyJ9.l6L0UWShbJ-EG9TSg_DFwM9fbB1wlbK8fxVVx-csE5fjvUOD2YvTmxnzCMs3JPVoJvNHdzj6DFZYiPoLGMWtJB0_Vf2SWWrnqWx_MpRWGvRfpWyFqvWtcL-W35ensdR_r1SBGJoj15COT9I0EM0qZspTsZM-teJ0ZkoyaO2amP6AtHOB8QtTDKPYcWanYmlL-DquBXP23Hm57KiM2HmPS-MSPNHrZm1yk2aJsZ_kFZ_ONadHs9apysXnhnPJ-LYOxMnwpUFpW22GNIzrAA7qGlYanB6fUS51g3gO8gwpn04OZBdlxtZjN6FPqkba5_AFaqmuH1zESGFx75mKR8EfAw",
    "payment_method_categories": [
      {
        "asset_urls": {
          "descriptive": "https://x.klarnacdn.net/payment-method/assets/badges/generic/klarna.svg",
          "standard": "https://x.klarnacdn.net/payment-method/assets/badges/generic/klarna.svg",
        },
        "identifier": "pay_later",
        "name": "Buy now, pay later",
      },
      {
        "asset_urls": {
          "descriptive": "https://x.klarnacdn.net/payment-method/assets/badges/generic/klarna.svg",
          "standard": "https://x.klarnacdn.net/payment-method/assets/badges/generic/klarna.svg",
        },
        "identifier": "pay_over_time",
        "name": "Monthly financing",
      },
      {
        "asset_urls": {
          "descriptive": "https://x.klarnacdn.net/payment-method/assets/badges/generic/klarna.svg",
          "standard": "https://x.klarnacdn.net/payment-method/assets/badges/generic/klarna.svg",
        },
        "identifier": "pay_now",
        "name": "Pay now",
      },
    ],
    "session_id": "95b6c261-9a1a-58d7-a77f-c3945427c51b",
  },
}
`;
